<?xml version="1.0" encoding="UTF-8"?>
<testsuites name="jest tests" tests="2" failures="0" errors="0" time="4.85">
  <testsuite name="/ (Search Home Page)" errors="0" failures="0" skipped="0" timestamp="2022-11-27T18:36:40" time="4.721" tests="2">
    <testcase classname="e2e" name="/ (Search Home Page) should return a proper title" time="0.008">
    </testcase>
    <testcase classname="e2e" name="/ (Search Home Page) should return link to Marketplace upon searching Xray" time="0.934">
    </testcase>
  </testsuite>
</testsuites>